------------------------------------------------------------
TimeQuest Timing Analyzer Summary
------------------------------------------------------------

Type  : Slow 1100mV 85C Model Setup 'cpu_clk:inst4|outclk'
Slack : -16.351
TNS   : -18046.155

Type  : Slow 1100mV 85C Model Setup 'mem_clock:inst5|outclk'
Slack : -15.299
TNS   : -2023.474

Type  : Slow 1100mV 85C Model Setup 'sc_computer_main:inst|sc_cpu:cpu|regfile:rf|register[10][0]'
Slack : -11.692
TNS   : -57.194

Type  : Slow 1100mV 85C Model Setup 'clock'
Slack : -0.131
TNS   : -0.131

Type  : Slow 1100mV 85C Model Hold 'sc_computer_main:inst|sc_cpu:cpu|regfile:rf|register[10][0]'
Slack : -6.878
TNS   : -33.913

Type  : Slow 1100mV 85C Model Hold 'cpu_clk:inst4|outclk'
Slack : -4.203
TNS   : -1411.684

Type  : Slow 1100mV 85C Model Hold 'mem_clock:inst5|outclk'
Slack : -3.252
TNS   : -329.002

Type  : Slow 1100mV 85C Model Hold 'clock'
Slack : -1.301
TNS   : -1.301

Type  : Slow 1100mV 85C Model Minimum Pulse Width 'sc_computer_main:inst|sc_cpu:cpu|regfile:rf|register[10][0]'
Slack : -4.673
TNS   : -624.286

Type  : Slow 1100mV 85C Model Minimum Pulse Width 'cpu_clk:inst4|outclk'
Slack : -2.174
TNS   : -814.999

Type  : Slow 1100mV 85C Model Minimum Pulse Width 'mem_clock:inst5|outclk'
Slack : -2.174
TNS   : -221.795

Type  : Slow 1100mV 85C Model Minimum Pulse Width 'clock'
Slack : -0.623
TNS   : -1.017

Type  : Slow 1100mV 0C Model Setup 'cpu_clk:inst4|outclk'
Slack : -16.588
TNS   : -18242.259

Type  : Slow 1100mV 0C Model Setup 'mem_clock:inst5|outclk'
Slack : -15.281
TNS   : -2018.696

Type  : Slow 1100mV 0C Model Setup 'sc_computer_main:inst|sc_cpu:cpu|regfile:rf|register[10][0]'
Slack : -11.727
TNS   : -57.157

Type  : Slow 1100mV 0C Model Setup 'clock'
Slack : -0.319
TNS   : -0.319

Type  : Slow 1100mV 0C Model Hold 'sc_computer_main:inst|sc_cpu:cpu|regfile:rf|register[10][0]'
Slack : -6.949
TNS   : -34.231

Type  : Slow 1100mV 0C Model Hold 'cpu_clk:inst4|outclk'
Slack : -4.290
TNS   : -1321.009

Type  : Slow 1100mV 0C Model Hold 'mem_clock:inst5|outclk'
Slack : -3.325
TNS   : -335.163

Type  : Slow 1100mV 0C Model Hold 'clock'
Slack : -1.065
TNS   : -1.065

Type  : Slow 1100mV 0C Model Minimum Pulse Width 'sc_computer_main:inst|sc_cpu:cpu|regfile:rf|register[10][0]'
Slack : -4.691
TNS   : -647.426

Type  : Slow 1100mV 0C Model Minimum Pulse Width 'cpu_clk:inst4|outclk'
Slack : -2.174
TNS   : -831.093

Type  : Slow 1100mV 0C Model Minimum Pulse Width 'mem_clock:inst5|outclk'
Slack : -2.174
TNS   : -225.042

Type  : Slow 1100mV 0C Model Minimum Pulse Width 'clock'
Slack : -0.633
TNS   : -1.058

Type  : Fast 1100mV 85C Model Setup 'cpu_clk:inst4|outclk'
Slack : -10.432
TNS   : -11341.273

Type  : Fast 1100mV 85C Model Setup 'mem_clock:inst5|outclk'
Slack : -9.038
TNS   : -1207.730

Type  : Fast 1100mV 85C Model Setup 'sc_computer_main:inst|sc_cpu:cpu|regfile:rf|register[10][0]'
Slack : -6.555
TNS   : -32.082

Type  : Fast 1100mV 85C Model Setup 'clock'
Slack : -0.424
TNS   : -0.424

Type  : Fast 1100mV 85C Model Hold 'sc_computer_main:inst|sc_cpu:cpu|regfile:rf|register[10][0]'
Slack : -4.405
TNS   : -21.776

Type  : Fast 1100mV 85C Model Hold 'cpu_clk:inst4|outclk'
Slack : -2.477
TNS   : -801.681

Type  : Fast 1100mV 85C Model Hold 'mem_clock:inst5|outclk'
Slack : -1.990
TNS   : -195.668

Type  : Fast 1100mV 85C Model Hold 'clock'
Slack : -0.497
TNS   : -0.497

Type  : Fast 1100mV 85C Model Minimum Pulse Width 'sc_computer_main:inst|sc_cpu:cpu|regfile:rf|register[10][0]'
Slack : -2.989
TNS   : -293.977

Type  : Fast 1100mV 85C Model Minimum Pulse Width 'cpu_clk:inst4|outclk'
Slack : -2.174
TNS   : -172.224

Type  : Fast 1100mV 85C Model Minimum Pulse Width 'mem_clock:inst5|outclk'
Slack : -2.174
TNS   : -167.851

Type  : Fast 1100mV 85C Model Minimum Pulse Width 'clock'
Slack : -0.556
TNS   : -0.763

Type  : Fast 1100mV 0C Model Setup 'cpu_clk:inst4|outclk'
Slack : -9.795
TNS   : -10564.584

Type  : Fast 1100mV 0C Model Setup 'mem_clock:inst5|outclk'
Slack : -8.414
TNS   : -1122.254

Type  : Fast 1100mV 0C Model Setup 'sc_computer_main:inst|sc_cpu:cpu|regfile:rf|register[10][0]'
Slack : -6.167
TNS   : -30.149

Type  : Fast 1100mV 0C Model Setup 'clock'
Slack : -0.408
TNS   : -0.408

Type  : Fast 1100mV 0C Model Hold 'sc_computer_main:inst|sc_cpu:cpu|regfile:rf|register[10][0]'
Slack : -4.059
TNS   : -20.043

Type  : Fast 1100mV 0C Model Hold 'cpu_clk:inst4|outclk'
Slack : -2.498
TNS   : -843.314

Type  : Fast 1100mV 0C Model Hold 'mem_clock:inst5|outclk'
Slack : -2.067
TNS   : -204.473

Type  : Fast 1100mV 0C Model Hold 'clock'
Slack : -0.456
TNS   : -0.456

Type  : Fast 1100mV 0C Model Minimum Pulse Width 'sc_computer_main:inst|sc_cpu:cpu|regfile:rf|register[10][0]'
Slack : -2.677
TNS   : -260.024

Type  : Fast 1100mV 0C Model Minimum Pulse Width 'cpu_clk:inst4|outclk'
Slack : -2.174
TNS   : -170.481

Type  : Fast 1100mV 0C Model Minimum Pulse Width 'mem_clock:inst5|outclk'
Slack : -2.174
TNS   : -167.677

Type  : Fast 1100mV 0C Model Minimum Pulse Width 'clock'
Slack : -0.544
TNS   : -0.747

------------------------------------------------------------
